
> libreblog-nextjs@0.1.0 build
> prisma generate && next build

Prisma schema loaded from prisma\schema.prisma

✔ Generated Prisma Client (v6.17.1) to .\node_modules\@prisma\client in 151ms

Start by importing your Prisma Client (See: https://pris.ly/d/importing-client)

Tip: Need your database queries to be 1000x faster? Accelerate offers you that and more: https://pris.ly/tip-2-accelerate

   ▲ Next.js 15.5.4
   - Environments: .env.local, .env

   Creating an optimized production build ...
 ✓ Compiled successfully in 7.6s
   Skipping linting
   Checking validity of types ...
